Task: sakana_fish_constraint_sudoku
Source: None
Puzzle id: None
Prepared assigned: None

Initial grid:
. . . . . . . . .
. . . . . . . . .
. . . . . . . . .
. . . . . . . . .
. . . . . . . . .
. . . . . . . . .
. . . . . . . . .
. . . . . . . . .
. . . . . . . . .

After initial forward chaining closure:
. . . . . . . . .
. . . . . . . . .
. . . . . . . . .
. . . . . . . . .
. . . . . . . . .
. . . . . . . . .
. . . . . . . . .
. . . . . . . . .
. . . . . . . . .

Loaded reference solution:
8 5 4 3 6 9 1 7 2
9 7 6 2 5 1 8 3 4
1 2 3 4 7 8 9 5 6
4 1 9 5 8 2 3 6 7
5 6 8 9 3 7 4 2 1
2 3 7 1 4 6 5 9 8
7 8 5 6 9 4 2 1 3
6 9 1 8 2 3 7 4 5
3 4 2 7 1 5 6 8 9

Search:
0. Forward chaining closure -> assigned=0/81, contradiction=False, solved=False, active_clusters=0
1. Try pos_0_2_0_1=1 (support=(1, 2, 3, 4, 6, 8), nodes=1)
Color pos_1_0_0_1 handled trivially, not appearing in coreDict or dimDict.
Color pos_1_1_2_1 handled trivially, not appearing in coreDict or dimDict.
Color pos_1_0_2_0 handled trivially, not appearing in coreDict or dimDict.
Color pos_0_2_1_2 handled trivially, not appearing in coreDict or dimDict.
Color pos_2_0_1_1 handled trivially, not appearing in coreDict or dimDict.
Color pos_1_2_1_0 handled trivially, not appearing in coreDict or dimDict.
Color pos_1_0_1_0 handled trivially, not appearing in coreDict or dimDict.
Color pos_2_0_1_0 handled trivially, not appearing in coreDict or dimDict.
Color pos_0_2_1_0 handled trivially, not appearing in coreDict or dimDict.
Color pos_2_0_0_2 handled trivially, not appearing in coreDict or dimDict.
Color pos_0_2_0_2 handled trivially, not appearing in coreDict or dimDict.
Color pos_1_1_0_2 handled trivially, not appearing in coreDict or dimDict.
Color pos_1_2_0_1 handled trivially, not appearing in coreDict or dimDict.
   Forward chaining closure -> assigned=2/81, contradiction=False, solved=False, active_clusters=0
2. Try pos_1_0_2_0=4 (support=(4, 6, 8), nodes=2)
   Forward chaining closure -> assigned=5/81, contradiction=False, solved=False, active_clusters=0
3. Try pos_1_0_2_2=7 (support=(7, 9), nodes=3)
   Forward chaining closure -> assigned=7/81, contradiction=False, solved=False, active_clusters=0
4. Try pos_1_1_2_2=2 (support=(2, 6), nodes=4)
   Forward chaining closure -> assigned=11/81, contradiction=True, solved=False, active_clusters=0
   Backtrack pos_1_1_2_2=2
4. Try pos_1_1_2_2=6 (support=(2, 6), nodes=5)
   Forward chaining closure -> assigned=10/81, contradiction=True, solved=False, active_clusters=0
   Backtrack pos_1_1_2_2=6
   Backtrack pos_1_0_2_2=7
3. Try pos_1_0_2_2=9 (support=(7, 9), nodes=6)
   Forward chaining closure -> assigned=6/81, contradiction=False, solved=False, active_clusters=0
4. Try pos_1_1_2_2=2 (support=(2, 6), nodes=7)
   Forward chaining closure -> assigned=8/81, contradiction=True, solved=False, active_clusters=0
   Backtrack pos_1_1_2_2=2
4. Try pos_1_1_2_2=6 (support=(2, 6), nodes=8)
   Forward chaining closure -> assigned=8/81, contradiction=True, solved=False, active_clusters=0
   Backtrack pos_1_1_2_2=6
   Backtrack pos_1_0_2_2=9
   Backtrack pos_1_0_2_0=4
2. Try pos_1_0_2_0=6 (support=(4, 6, 8), nodes=9)
   Forward chaining closure -> assigned=7/81, contradiction=False, solved=False, active_clusters=0
3. Try pos_1_1_2_2=2 (support=(2, 8), nodes=10)
   Forward chaining closure -> assigned=10/81, contradiction=True, solved=False, active_clusters=0
   Backtrack pos_1_1_2_2=2
3. Try pos_1_1_2_2=8 (support=(2, 8), nodes=11)
   Forward chaining closure -> assigned=11/81, contradiction=True, solved=False, active_clusters=0
   Backtrack pos_1_1_2_2=8
   Backtrack pos_1_0_2_0=6
2. Try pos_1_0_2_0=8 (support=(4, 6, 8), nodes=12)
   Forward chaining closure -> assigned=6/81, contradiction=False, solved=False, active_clusters=0
3. Try pos_1_0_2_2=3 (support=(3, 5), nodes=13)
   Forward chaining closure -> assigned=7/81, contradiction=False, solved=False, active_clusters=0
4. Try pos_1_1_2_2=2 (support=(2, 6), nodes=14)
   Forward chaining closure -> assigned=10/81, contradiction=True, solved=False, active_clusters=0
   Backtrack pos_1_1_2_2=2
4. Try pos_1_1_2_2=6 (support=(2, 6), nodes=15)
   Forward chaining closure -> assigned=11/81, contradiction=True, solved=False, active_clusters=0
   Backtrack pos_1_1_2_2=6
   Backtrack pos_1_0_2_2=3
3. Try pos_1_0_2_2=5 (support=(3, 5), nodes=16)
   Forward chaining closure -> assigned=7/81, contradiction=False, solved=False, active_clusters=0
4. Try pos_1_1_2_2=2 (support=(2, 6), nodes=17)
   Forward chaining closure -> assigned=11/81, contradiction=True, solved=False, active_clusters=0
   Backtrack pos_1_1_2_2=2
4. Try pos_1_1_2_2=6 (support=(2, 6), nodes=18)
   Forward chaining closure -> assigned=10/81, contradiction=True, solved=False, active_clusters=0
   Backtrack pos_1_1_2_2=6
   Backtrack pos_1_0_2_2=5
   Backtrack pos_1_0_2_0=8
   Backtrack pos_0_2_0_1=1
1. Try pos_0_2_0_1=2 (support=(1, 2, 3, 4, 6, 8), nodes=19)
   Forward chaining closure -> assigned=7/81, contradiction=False, solved=False, active_clusters=0
2. Try pos_1_0_2_2=5 (support=(5, 7), nodes=20)
   Forward chaining closure -> assigned=9/81, contradiction=False, solved=False, active_clusters=0
3. Try pos_1_1_2_1=2 (support=(2, 8), nodes=21)
   Forward chaining closure -> assigned=13/81, contradiction=False, solved=False, active_clusters=0
4. Try pos_2_2_0_2=2 (support=(2, 4), nodes=22)
   Forward chaining closure -> assigned=20/81, contradiction=False, solved=False, active_clusters=0
5. Try pos_2_0_0_1=6 (support=(6, 8), nodes=23)
   Forward chaining closure -> assigned=25/81, contradiction=True, solved=False, active_clusters=0
   Backtrack pos_2_0_0_1=6
5. Try pos_2_0_0_1=8 (support=(6, 8), nodes=24)
   Forward chaining closure -> assigned=31/81, contradiction=True, solved=False, active_clusters=0
   Backtrack pos_2_0_0_1=8
   Backtrack pos_2_2_0_2=2
4. Try pos_2_2_0_2=4 (support=(2, 4), nodes=25)
   Forward chaining closure -> assigned=19/81, contradiction=True, solved=False, active_clusters=0
   Backtrack pos_2_2_0_2=4
   Backtrack pos_1_1_2_1=2
3. Try pos_1_1_2_1=8 (support=(2, 8), nodes=26)
   Forward chaining closure -> assigned=13/81, contradiction=False, solved=False, active_clusters=0
4. Try pos_2_2_0_2=4 (support=(4, 8), nodes=27)
   Forward chaining closure -> assigned=18/81, contradiction=True, solved=False, active_clusters=0
   Backtrack pos_2_2_0_2=4
4. Try pos_2_2_0_2=8 (support=(4, 8), nodes=28)
   Forward chaining closure -> assigned=17/81, contradiction=True, solved=False, active_clusters=0
   Backtrack pos_2_2_0_2=8
   Backtrack pos_1_1_2_1=8
   Backtrack pos_1_0_2_2=5
2. Try pos_1_0_2_2=7 (support=(5, 7), nodes=29)
   Forward chaining closure -> assigned=8/81, contradiction=False, solved=False, active_clusters=0
3. Try pos_1_0_1_0=5 (support=(5, 9), nodes=30)
   Forward chaining closure -> assigned=9/81, contradiction=False, solved=False, active_clusters=0
4. Try pos_2_2_0_1=4 (support=(4, 8), nodes=31)
   Forward chaining closure -> assigned=18/81, contradiction=False, solved=False, active_clusters=0
5. Try pos_2_0_0_1=6 (support=(6, 8), nodes=32)
   Forward chaining closure -> assigned=29/81, contradiction=True, solved=False, active_clusters=0
   Backtrack pos_2_0_0_1=6
5. Try pos_2_0_0_1=8 (support=(6, 8), nodes=33)
   Forward chaining closure -> assigned=81/81, contradiction=False, solved=True, active_clusters=0

Solved: True
Contradiction: False
Assigned: 81 / 81
Nodes: 34
History length: 5
Reference solution available: True
Matches reference: True
Correct cells: 81 / 81
Final solution string: 854369172976251834123478956419582367568937421237146598785694213691823745342715689
Reference solution string: 854369172976251834123478956419582367568937421237146598785694213691823745342715689

Final grid:
8 5 4 3 6 9 1 7 2
9 7 6 2 5 1 8 3 4
1 2 3 4 7 8 9 5 6
4 1 9 5 8 2 3 6 7
5 6 8 9 3 7 4 2 1
2 3 7 1 4 6 5 9 8
7 8 5 6 9 4 2 1 3
6 9 1 8 2 3 7 4 5
3 4 2 7 1 5 6 8 9

Reference grid:
8 5 4 3 6 9 1 7 2
9 7 6 2 5 1 8 3 4
1 2 3 4 7 8 9 5 6
4 1 9 5 8 2 3 6 7
5 6 8 9 3 7 4 2 1
2 3 7 1 4 6 5 9 8
7 8 5 6 9 4 2 1 3
6 9 1 8 2 3 7 4 5
3 4 2 7 1 5 6 8 9
